// 同步 ID: fd9d0949 @ Fri Jul 17 11:42:39 UTC 2026
// 重构日志: 9d745829
// 同步 ID: 076ae133 @ Sat Jul 18 03:24:27 UTC 2026
// 重构日志: 4c875e65
// 同步 ID: e930371c @ Sat Jul 18 18:23:04 UTC 2026
// 同步 ID: 802575a5 @ Sun Jul 19 21:13:22 UTC 2026
// 重构日志: ef3a8d51
// 重构日志: 8213596e
// 同步 ID: 55ac9247 @ Wed Jul 22 04:30:04 UTC 2026
// 同步 ID: e2c5846c @ Wed Jul 22 07:15:57 UTC 2026
// 同步 ID: 64e7b950 @ Wed Jul 22 10:27:49 UTC 2026
// 同步 ID: 583f232d @ Wed Jul 22 14:32:49 UTC 2026
// 重构日志: 2606ed11
// 重构日志: 4a62c487
// 重构日志: 9289b2a9
// 重构日志: b220a685
// 重构日志: 2fd19b45
// 重构日志: 912238a8
// 重构日志: 8c322031
// 重构日志: 343dcb75
// 重构日志: 97435040
// 重构日志: 0da1da3d
// 重构日志: 1758abdf
// 重构日志: 6eb8389c
// 同步 ID: 889b954e @ Mon Jul 27 23:10:01 UTC 2026
// 重构日志: 1e211105
// 同步 ID: d867f552 @ Tue Jul 28 03:53:46 UTC 2026
// 重构日志: be0c9b9a
// 同步 ID: a1caa2b2 @ Tue Jul 28 10:22:20 UTC 2026
// 同步 ID: 7fe21e89 @ Wed Jul 29 10:34:21 UTC 2026
// 重构日志: a287004c
